../Core/Src/main.c:100:6:DWT_Init	4	static
../Core/Src/main.c:115:6:delay_us	24	static
../Core/Src/main.c:126:10:get_micros	4	static
../Core/Src/main.c:131:5:isQueueEmpty	16	static
../Core/Src/main.c:135:5:isQueueFull	16	static
../Core/Src/main.c:139:5:flushQueue	16	static
../Core/Src/main.c:146:5:enqueueCommand	16	static
../Core/Src/main.c:156:5:dequeueCommand	24	static
../Core/Src/main.c:166:6:HAL_UART_RxCpltCallback	16	static
../Core/Src/main.c:234:9:getEncoderPos	16	static
../Core/Src/main.c:194:5:main	160	static
../Core/Src/main.c:251:6:parseCommand	272	static
../Core/Src/main.c:371:6:doMotorStepping	64	static
../Core/Src/main.c:468:6:SystemClock_Config	120	static
../Core/Src/main.c:514:13:MX_TIM1_Init	56	static
../Core/Src/main.c:565:13:MX_TIM2_Init	56	static
../Core/Src/main.c:614:13:MX_USART2_UART_Init	8	static
../Core/Src/main.c:649:13:MX_GPIO_Init	48	static
../Core/Src/main.c:701:6:Error_Handler	4	static,ignoring_inline_asm
