../Core/Src/main.c:100:6:DWT_Init	4	static
../Core/Src/main.c:118:6:delay_us	24	static
../Core/Src/main.c:129:10:get_micros	4	static
../Core/Src/main.c:134:5:isQueueEmpty	16	static
../Core/Src/main.c:138:5:isQueueFull	16	static
../Core/Src/main.c:142:5:enqueueCommand	16	static
../Core/Src/main.c:152:5:dequeueCommand	24	static
../Core/Src/main.c:162:6:HAL_UART_RxCpltCallback	16	static
../Core/Src/main.c:239:9:getEncoderPos	16	static
../Core/Src/main.c:199:5:main	160	static
../Core/Src/main.c:262:6:parseCommand	176	static
../Core/Src/main.c:369:6:doMotorStepping	64	static
../Core/Src/main.c:473:6:SystemClock_Config	120	static
../Core/Src/main.c:519:13:MX_TIM1_Init	56	static
../Core/Src/main.c:570:13:MX_TIM2_Init	56	static
../Core/Src/main.c:619:13:MX_USART2_UART_Init	8	static
../Core/Src/main.c:654:13:MX_GPIO_Init	48	static
../Core/Src/main.c:706:6:Error_Handler	4	static,ignoring_inline_asm
